// Jest Snapshot v1, https://goo.gl/fbAQLP

exports[`Preloader Should render preloader 1`] = `
<div>
  <div />
</div>
`;

exports[`Preloader hello 1`] = `
<h1>
  <div>
    hello
  </div>
</h1>
`;
